
> frontend@0.0.0 build
> vite build

[36mvite v8.0.3 [32mbuilding client environment for production...[36m[39m
[2K
transforming...Γ£ô 1825 modules transformed.
node.exe : [31mΓ£ù[39m 
Build failed in 764ms
At line:1 char:1
+ & "C:\/node.exe" "C:\/nod
e_modules/npm/bin/npm-cli.j
s" run build
+ ~~~~~~~~~~~~~~~~~~~~~~~~~
~~~~~~~~~~~~~~~~~~~~~~~~~~~
~~~~~~~~~~~~
    + CategoryInfo         
     : NotSpecified: ([3  
  1mΓ£ù[39m Build faile   
 d in 764ms:String) [],    
 RemoteException
    + FullyQualifiedErrorI 
   d : NativeCommandError
 
[31merror during build:
[31mBuild failed with 1 
error:

[31m[UNRESOLVED_IMPORT] 
Error:[0m Could not 
resolve 
'../store/useAuthStore' in 
src/pages/SeekingPartner.js
x
   [38;5;246mΓò¡[0m[38;5
;246mΓöÇ[0m[38;5;246m[[0
m src/pages/SeekingPartner.
jsx:4:30 [38;5;246m][0m
   [38;5;246mΓöé[0m
 [38;5;246m4 Γöé[0m [38;
5;249mi[0m[38;5;249mm[0m
[38;5;249mp[0m[38;5;249m
o[0m[38;5;249mr[0m[38;5
;249mt[0m[38;5;249m [0m
[38;5;249m{[0m[38;5;249m 
[0m[38;5;249mu[0m[38;5;
249ms[0m[38;5;249me[0m[
38;5;249mA[0m[38;5;249mu
[0m[38;5;249mt[0m[38;5;2
49mh[0m[38;5;249mS[0m[3
8;5;249mt[0m[38;5;249mo[
0m[38;5;249mr[0m[38;5;24
9me[0m[38;5;249m [0m[38
;5;249m}[0m[38;5;249m [0
m[38;5;249mf[0m[38;5;249
mr[0m[38;5;249mo[0m[38;
5;249mm[0m[38;5;249m [0m
"../store/useAuthStore"[38
;5;249m;[0m
 [38;5;240m  Γöé[0m      
                        ΓöÇ
ΓöÇΓöÇΓöÇΓöÇΓöÇΓöÇΓöÇΓöÇΓöÇ
ΓöÇΓö¼ΓöÇΓöÇΓöÇΓöÇΓöÇΓöÇΓöÇ
ΓöÇΓöÇΓöÇΓöÇ  
 [38;5;240m  Γöé[0m      
                           
        Γò░ΓöÇΓöÇΓöÇΓöÇΓöÇΓ
öÇΓöÇΓöÇΓöÇΓöÇΓöÇΓöÇΓöÇ 
Module not found.
 [38;5;240m  Γöé[0m 
 [38;5;240m  Γöé[0m 
[38;5;115mHelp[0m: 'src/p
ages/SeekingPartner.jsx' 
is imported by the 
following path:
 [38;5;240m  Γöé[0m      
   - src/pages/SeekingPartn
er.jsx
 [38;5;240m  Γöé[0m      
   - src/App.jsx
 [38;5;240m  Γöé[0m      
   - src/main.jsx
 [38;5;240m  Γöé[0m      
   - index.html
[38;5;246mΓöÇΓöÇΓöÇΓò»[0m
[31m
    at aggregateBindingErro
rsIntoJsError (file:///C:/U
sers/User/OneDrive/Desktop/
pelawahak.lk/frontend/node_
modules/rolldown/dist/share
d/error-BLhcSyeg.mjs:48:18)
    at unwrapBindingResult 
(file:///C:/Users/User/OneD
rive/Desktop/pelawahak.lk/f
rontend/node_modules/rolldo
wn/dist/shared/error-BLhcSy
eg.mjs:18:128)
    at #build (file:///C:/U
sers/User/OneDrive/Desktop/
pelawahak.lk/frontend/node_
modules/rolldown/dist/share
d/rolldown-build-CPrIX9V6.m
js:3313:34)
    at async 
buildEnvironment (file:///C
:/Users/User/OneDrive/Deskt
op/pelawahak.lk/frontend/no
de_modules/vite/dist/node/c
hunks/node.js:32849:64)
    at async Object.build (
file:///C:/Users/User/OneDr
ive/Desktop/pelawahak.lk/fr
ontend/node_modules/vite/di
st/node/chunks/node.js:3327
1:19)
    at async 
Object.buildApp (file:///C:
/Users/User/OneDrive/Deskto
p/pelawahak.lk/frontend/nod
e_modules/vite/dist/node/ch
unks/node.js:33268:153)
    at async 
CAC.<anonymous> (file:///C:
/Users/User/OneDrive/Deskto
p/pelawahak.lk/frontend/nod
e_modules/vite/dist/node/cl
i.js:778:3) {
  errors: [Getter/Setter]
}[39m
